============================================================
Backend:            api_server.py
Environment:        office
Database URI:       sqlite:////home/administrator/Desktop/asset-management/databases/local_assets.db
Resolved DB file:   /home/administrator/Desktop/asset-management/databases/local_assets.db
SQLAlchemy Engine:  sqlite:////home/administrator/Desktop/asset-management/databases/local_assets.db
PID:                74020
============================================================
2026-08-17 22:41:06,407 [INFO] __main__: Database tables initialized (office database — seeding never runs)
============================================================
🚀  IT Asset Management API
============================================================
✅  API:    http://0.0.0.0:3000
✅  Health: http://localhost:3000/api/health
⚛️   React:  Served from /frontend/build
============================================================
 * Serving Flask app 'api_server'
 * Debug mode: on
Address already in use
Port 3000 is in use by another program. Either identify and stop that program, or start the server with a different port.
